foo: linkingvalue
bar: linked1valuerules
baz: exclusivelinked2valueunchanged
