commonkey: value2
only1key: value1
only2key: value2
